13:35:54 **** Build of configuration Debug for project fft_bsp_xscugic_example_1 ****
make all 
Building file: ../src/xscugic_example.c
Invoking: ARM v8 gcc compiler
aarch64-none-elf-gcc -Wall -O0 -g3 -c -fmessage-length=0 -MT"src/xscugic_example.o" -I../../fft_bsp/psu_cortexa53_0/include -MMD -MP -MF"src/xscugic_example.d" -MT"src/xscugic_example.o" -o "src/xscugic_example.o" "../src/xscugic_example.c"
Finished building: ../src/xscugic_example.c
 
Building target: fft_bsp_xscugic_example_1.elf
Invoking: ARM v8 gcc linker
aarch64-none-elf-gcc -Wl,-T -Wl,../src/lscript.ld -L../../fft_bsp/psu_cortexa53_0/lib -o "fft_bsp_xscugic_example_1.elf"  ./src/xscugic_example.o   -Wl,--start-group,-lxil,-lgcc,-lc,--end-group
Finished building target: fft_bsp_xscugic_example_1.elf
 
Invoking: ARM v8 Print Size
aarch64-none-elf-size fft_bsp_xscugic_example_1.elf  |tee "fft_bsp_xscugic_example_1.elf.size"
   text	   data	    bss	    dec	    hex	filename
  37012	   5496	  20688	  63196	   f6dc	fft_bsp_xscugic_example_1.elf
Finished building: fft_bsp_xscugic_example_1.elf.size
 

13:35:54 Build Finished (took 169ms)

